// Jest Snapshot v1, https://goo.gl/fbAQLP

exports[`<Toggle /> matches snapshot when shallowly rendered 1`] = `
<withGeneratedId(forwardRef(FormField))
  control={[Function]}
  kind="toggle"
/>
`;
